[Fri Jun  5 23:33:42 2026] PHP 8.3.6 Development Server (http://localhost:8000) started
[Fri Jun  5 23:34:30 2026] [::1]:45198 Accepted
[Fri Jun  5 23:34:30 2026] [::1]:45198 [200]: GET /Index.php
[Fri Jun  5 23:34:30 2026] [::1]:45198 Closing
[Fri Jun  5 23:34:30 2026] [::1]:45202 Accepted
[Fri Jun  5 23:34:30 2026] [::1]:45204 Accepted
[Fri Jun  5 23:34:30 2026] [::1]:45218 Accepted
[Fri Jun  5 23:34:30 2026] [::1]:45234 Accepted
[Fri Jun  5 23:34:30 2026] [::1]:45202 [200]: GET /CSS/style.css
[Fri Jun  5 23:34:30 2026] [::1]:45204 [200]: GET /CSS/gamemode-selection.css
[Fri Jun  5 23:34:30 2026] [::1]:45218 [200]: GET /Assets/logo.PNG
[Fri Jun  5 23:34:30 2026] [::1]:45234 [200]: GET /JS/pieces.js
[Fri Jun  5 23:34:30 2026] [::1]:45202 Closing
[Fri Jun  5 23:34:30 2026] [::1]:45204 Closing
[Fri Jun  5 23:34:30 2026] [::1]:45234 Closing
[Fri Jun  5 23:34:30 2026] [::1]:45218 Closing
[Fri Jun  5 23:34:30 2026] [::1]:45242 Accepted
[Fri Jun  5 23:34:30 2026] [::1]:45242 [200]: GET /JS/engine.js
[Fri Jun  5 23:34:30 2026] [::1]:45242 Closing
[Fri Jun  5 23:34:30 2026] [::1]:45246 Accepted
[Fri Jun  5 23:34:30 2026] [::1]:45248 Accepted
[Fri Jun  5 23:34:30 2026] [::1]:45256 Accepted
[Fri Jun  5 23:34:30 2026] [::1]:45246 [200]: GET /JS/Bots/bot.js
[Fri Jun  5 23:34:30 2026] [::1]:45248 [200]: GET /JS/board.js
[Fri Jun  5 23:34:30 2026] [::1]:45256 [200]: GET /JS/main.js
[Fri Jun  5 23:34:30 2026] [::1]:45246 Closing
[Fri Jun  5 23:34:30 2026] [::1]:45248 Closing
[Fri Jun  5 23:34:30 2026] [::1]:45256 Closing
[Fri Jun  5 23:34:49 2026] [::1]:53254 Accepted
[Fri Jun  5 23:34:49 2026] [::1]:53254 [200]: GET /Index.php
[Fri Jun  5 23:34:49 2026] [::1]:53254 Closing
[Fri Jun  5 23:34:49 2026] [::1]:53264 Accepted
[Fri Jun  5 23:34:49 2026] [::1]:53266 Accepted
[Fri Jun  5 23:34:49 2026] [::1]:53278 Accepted
[Fri Jun  5 23:34:49 2026] [::1]:53286 Accepted
[Fri Jun  5 23:34:49 2026] [::1]:53264 [200]: GET /CSS/style.css
[Fri Jun  5 23:34:49 2026] [::1]:53266 [200]: GET /CSS/gamemode-selection.css
[Fri Jun  5 23:34:49 2026] [::1]:53278 [200]: GET /Assets/logo.PNG
[Fri Jun  5 23:34:49 2026] [::1]:53286 [200]: GET /JS/pieces.js
[Fri Jun  5 23:34:49 2026] [::1]:53290 Accepted
[Fri Jun  5 23:34:49 2026] [::1]:53264 Closing
[Fri Jun  5 23:34:49 2026] [::1]:53266 Closing
[Fri Jun  5 23:34:49 2026] [::1]:53286 Closing
[Fri Jun  5 23:34:49 2026] [::1]:53298 Accepted
[Fri Jun  5 23:34:49 2026] [::1]:53278 Closing
[Fri Jun  5 23:34:49 2026] [::1]:53304 Accepted
[Fri Jun  5 23:34:49 2026] [::1]:53312 Accepted
[Fri Jun  5 23:34:49 2026] [::1]:53290 [200]: GET /JS/engine.js
[Fri Jun  5 23:34:49 2026] [::1]:53290 Closing
[Fri Jun  5 23:34:49 2026] [::1]:53298 [200]: GET /JS/Bots/bot.js
[Fri Jun  5 23:34:49 2026] [::1]:53298 Closing
[Fri Jun  5 23:34:49 2026] [::1]:53304 [200]: GET /JS/board.js
[Fri Jun  5 23:34:49 2026] [::1]:53312 [200]: GET /JS/main.js
[Fri Jun  5 23:34:49 2026] [::1]:53304 Closing
[Fri Jun  5 23:34:49 2026] [::1]:53312 Closing
